src/app/admin/fotos/page.tsx(9,107): error TS1005: ',' expected.
src/app/admin/fotos/page.tsx(9,111): error TS1005: ';' expected.
src/app/admin/fotos/page.tsx(16,88): error TS1005: ',' expected.
src/app/admin/fotos/page.tsx(16,92): error TS1005: ';' expected.
src/app/admin/kontakte/page.tsx(9,112): error TS1005: ',' expected.
src/app/admin/kontakte/page.tsx(9,116): error TS1005: ';' expected.
src/app/admin/kontakte/page.tsx(15,90): error TS1005: ',' expected.
src/app/admin/kontakte/page.tsx(15,94): error TS1005: ';' expected.
src/app/admin/users/page.tsx(19,87): error TS1005: ',' expected.
src/app/admin/users/page.tsx(19,91): error TS1005: ';' expected.
